// Jest Snapshot v1, https://goo.gl/fbAQLP

exports[`ConditionForm renders properly 1`] = `
<Row
  gutter={
    Array [
      16,
      24,
    ]
  }
>
  <Col
    span={1}
  />
  <Col
    span={20}
  >
    <Connect(ReduxForm)
      initialValues={Object {}}
      name="CONDITION_SECTION"
      onSubmit={[MockFunction]}
      reduxFormConfig={
        Object {
          "onSubmitSuccess": [Function],
        }
      }
    >
      <Field
        component={[Function]}
        id="condition"
        name="condition"
        required={true}
        validate={
          Array [
            [Function],
          ]
        }
      />
      <div
        className="right center-mobile"
      >
        <RenderCancelButton
          cancelFunction={[MockFunction]}
        />
        <RenderSubmitButton
          buttonText="Save"
        />
      </div>
    </Connect(ReduxForm)>
  </Col>
  <Col
    span={3}
  />
</Row>
`;
