// Jest Snapshot v1, https://goo.gl/fbAQLP

exports[`Condition renders properly 1`] = `
<Fragment>
  <ConditionForm
    initialValues={Object {}}
    layer={2}
    onCancel={[Function]}
    onSubmit={[Function]}
  />
</Fragment>
`;
