// Jest Snapshot v1, https://goo.gl/fbAQLP

exports[`EditWorkerInformationForm renders properly 1`] = `
<div
  className="work-information-container "
>
  <Connect(ReduxForm)
    name="EDIT_EMPLOYEE_COUNT_FORM"
    onSubmit={[MockFunction]}
    reduxFormConfig={
      Object {
        "enableReinitialize": true,
        "touchOnBlur": false,
      }
    }
    scrollOnToggleEdit={false}
  >
    <ForwardRef
      level={4}
    >
      Worker Information
      <Tooltip
        mouseEnterDelay={0.3}
        overlayClassName="minespace-tooltip"
        placement="right"
        title="Approximate number of workers on site that includes mine employees and contractors."
      >
        <ForwardRef(InfoCircleOutlined)
          className="padding-sm"
        />
      </Tooltip>
    </ForwardRef>
    <Row
      gutter={16}
    >
      <Col
        span={22}
      >
        <Descriptions
          colon={false}
          column={5}
        >
          <DescriptionsItem
            label="Number of Mine Employees"
          >
            <Field
              autoComplete="off"
              component={[Function]}
              format={[Function]}
              id="number_of_mine_employees"
              name="number_of_mine_employees"
              normalize={[Function]}
              onChange={[Function]}
              onFocus={[Function]}
              validate={
                Array [
                  [Function],
                ]
              }
            />
          </DescriptionsItem>
          <DescriptionsItem
            label="Number of Contractors"
          >
            <Field
              autoComplete="off"
              component={[Function]}
              format={[Function]}
              id="number_of_contractors"
              name="number_of_contractors"
              normalize={[Function]}
              onChange={[Function]}
              onFocus={[Function]}
              validate={
                Array [
                  [Function],
                ]
              }
            />
          </DescriptionsItem>
        </Descriptions>
      </Col>
    </Row>
    <div
      className="right center-mobile"
    >
      <RenderCancelButton
        cancelFunction={[MockFunction]}
      />
      <RenderSubmitButton
        buttonText="Update Mine Worker Information"
      />
    </div>
  </Connect(ReduxForm)>
</div>
`;
