// Jest Snapshot v1, https://goo.gl/fbAQLP

exports[`UpdateStatusForm renders properly 1`] = `
<div>
  <p>
    MineSpace render: 
  </p>
  <form
    class="ant-form ant-form-vertical common-form common-form-UPDATE_IRT form-edit"
    id="UPDATE_IRT"
  >
    <div
      class="ant-row"
    >
      <div
        class="ant-col ant-col-24"
      >
        <div
          class="bcgov-callout--success bcgov-callout"
        >
          <p
            class="bcgov-callout-title"
          >
            Submitted
          </p>
          <p>
            This project has been formally submitted by the proponent through MineSpace. MineSpace users can update documents only.
          </p>
        </div>
      </div>
    </div>
  </form>
  <p>
    CORE render: 
  </p>
  <form
    class="ant-form ant-form-vertical common-form common-form-UPDATE_IRT form-edit"
    id="UPDATE_IRT"
  >
    <div
      class="ant-row"
    >
      <div
        class="ant-col ant-col-24"
      >
        <div
          class="ant-alert ant-alert-warning ant-alert-with-description margin-large--bottom"
          data-show="true"
          role="alert"
        >
          <span
            aria-label="exclamation-circle"
            class="anticon anticon-exclamation-circle ant-alert-icon"
            role="img"
          >
            <svg
              aria-hidden="true"
              data-icon="exclamation-circle"
              fill="currentColor"
              focusable="false"
              height="1em"
              viewBox="64 64 896 896"
              width="1em"
            >
              <path
                d="M512 64C264.6 64 64 264.6 64 512s200.6 448 448 448 448-200.6 448-448S759.4 64 512 64zm0 820c-205.4 0-372-166.6-372-372s166.6-372 372-372 372 166.6 372 372-166.6 372-372 372z"
              />
              <path
                d="M464 688a48 48 0 1096 0 48 48 0 10-96 0zm24-112h48c4.4 0 8-3.6 8-8V296c0-4.4-3.6-8-8-8h-48c-4.4 0-8 3.6-8 8v272c0 4.4 3.6 8 8 8z"
              />
            </svg>
          </span>
          <div
            class="ant-alert-content"
          >
            <div
              class="ant-alert-message"
            >
              Assigned
            </div>
            <div
              class="ant-alert-description"
            >
              <div
                class="ant-row ant-row-space-between"
              >
                <div
                  class="ant-col ant-col-xs-24 ant-col-md-18"
                >
                  This project has been formally submitted by the proponent through MineSpace. MineSpace users can update documents only.
                </div>
                <div
                  class="ant-col ant-col-xs-24 ant-col-md-6"
                >
                  <div
                    class="ant-form-item ant-form-item-with-help"
                  >
                    <div
                      class="ant-row ant-form-item-row"
                    >
                      <div
                        class="ant-col ant-form-item-control"
                      >
                        <div
                          class="ant-form-item-control-input"
                        >
                          <div
                            class="ant-form-item-control-input-content"
                          >
                            <div
                              class="ant-select ant-select-in-form-item ant-select-single ant-select-show-arrow ant-select-show-search"
                              data-cy="status_code"
                            >
                              <div
                                class="ant-select-selector"
                              >
                                <span
                                  class="ant-select-selection-search"
                                >
                                  <input
                                    aria-activedescendant="status_code_list_0"
                                    aria-autocomplete="list"
                                    aria-controls="status_code_list"
                                    aria-haspopup="listbox"
                                    aria-owns="status_code_list"
                                    autocomplete="off"
                                    class="ant-select-selection-search-input"
                                    id="status_code"
                                    role="combobox"
                                    type="search"
                                    value=""
                                  />
                                </span>
                                <span
                                  class="ant-select-selection-item"
                                  title="ASG"
                                >
                                  ASG
                                </span>
                              </div>
                              <span
                                aria-hidden="true"
                                class="ant-select-arrow"
                                style="user-select: none;"
                                unselectable="on"
                              >
                                <span
                                  aria-label="down"
                                  class="anticon anticon-down ant-select-suffix"
                                  role="img"
                                >
                                  <svg
                                    aria-hidden="true"
                                    data-icon="down"
                                    fill="currentColor"
                                    focusable="false"
                                    height="1em"
                                    viewBox="64 64 896 896"
                                    width="1em"
                                  >
                                    <path
                                      d="M884 256h-75c-5.1 0-9.9 2.5-12.9 6.6L512 654.2 227.9 262.6c-3-4.1-7.8-6.6-12.9-6.6h-75c-6.5 0-10.3 7.4-6.5 12.7l352.6 486.1c12.8 17.6 39 17.6 51.7 0l352.6-486.1c3.9-5.3.1-12.7-6.4-12.7z"
                                    />
                                  </svg>
                                </span>
                              </span>
                            </div>
                          </div>
                        </div>
                        <div
                          style="display: flex; flex-wrap: nowrap;"
                        >
                          <div
                            class="ant-form-item-explain ant-form-item-explain-connected"
                            id="UPDATE_IRT_status_code_help"
                            role="alert"
                          >
                            <div
                              class=""
                            />
                          </div>
                        </div>
                      </div>
                    </div>
                  </div>
                  <button
                    aria-label="Submit"
                    class="ant-btn ant-btn-primary"
                    disabled=""
                    type="submit"
                  >
                    <span>
                      Update Status
                    </span>
                  </button>
                </div>
              </div>
            </div>
          </div>
        </div>
      </div>
    </div>
  </form>
</div>
`;
