// Jest Snapshot v1, https://goo.gl/fbAQLP

exports[`AddContactForm renders properly 1`] = `
<Connect(AddContactFormDetails)
  contacts={Array []}
  handleSelectChange={[Function]}
  initialValues={null}
  onCancel={[MockFunction]}
  onSubmit={[MockFunction]}
/>
`;
