// Jest Snapshot v1, https://goo.gl/fbAQLP

exports[`AddContactFormDetails renders properly 1`] = `
<Connect(ReduxForm)
  initialValues={Object {}}
  name="ADD_CONTACT"
  onSubmit={[Function]}
  reduxFormConfig={
    Object {
      "destroyOnUnmount": true,
      "enableReinitialize": true,
      "forceUnregisterOnUnmount": true,
      "touchOnBlur": true,
    }
  }
>
  <Row
    gutter={16}
  >
    <Col
      span={24}
    >
      <ForwardRef>
        Create a new contact for your organization. New contacts will be accessible accross all of your organizations mines during submission.
      </ForwardRef>
    </Col>
    <Col
      span={12}
    >
      <Field
        component={[Function]}
        data={Array []}
        id="party_guid"
        label="Select Contact"
        name="party_guid"
        onChange={[MockFunction]}
        placeholder="Select a contact"
      />
    </Col>
    <Col
      span={24}
    >
      <Divider
        plain={true}
        style={
          Object {
            "marginTop": 0,
          }
        }
      />
    </Col>
  </Row>
  <Row
    gutter={16}
  >
    <Col
      span={24}
    >
      <ForwardRef
        level={5}
      >
        Contact Details
      </ForwardRef>
      <ForwardRef>
        Please enter all contact information for this contact.
      </ForwardRef>
    </Col>
    <Col
      span={12}
    >
      <Field
        component={[Function]}
        id="first_name"
        label="First Name"
        name="first_name"
        placeholder="First Name"
        required={true}
        validate={
          Array [
            [Function],
            [Function],
          ]
        }
      />
    </Col>
    <Col
      span={12}
    >
      <Field
        component={[Function]}
        id="party_name"
        label="Last Name"
        name="party_name"
        placeholder="Last Name"
        required={true}
        validate={
          Array [
            [Function],
            [Function],
          ]
        }
      />
    </Col>
    <Col
      span={12}
    >
      <Field
        component={[Function]}
        data={Array []}
        id="job_title_code"
        label="Job Title"
        name="job_title_code"
        onChange={[Function]}
        placeholder="Select a job title"
      />
    </Col>
    <Col
      span={12}
    >
      <Field
        component={[Function]}
        data={Array []}
        handleChange={[Function]}
        id="organization_guid"
        label="Company Affiliation"
        name="organization_guid"
        onChange={[Function]}
        placeholder="Search organizations"
      />
    </Col>
    <Col
      span={12}
    >
      <Field
        component={[Function]}
        id="email"
        label="Email"
        name="email"
        placeholder="example@example.com"
        required={true}
        validate={
          Array [
            [Function],
            [Function],
          ]
        }
      />
    </Col>
    <Col
      span={8}
    >
      <Field
        component={[Function]}
        id="phone_no"
        label="Phone Number"
        name="phone_no"
        normalize={[Function]}
        placeholder="XXX-XXX-XXXX"
        required={true}
        validate={
          Array [
            [Function],
            [Function],
            [Function],
          ]
        }
      />
    </Col>
    <Col
      span={4}
    >
      <Field
        component={[Function]}
        id="phone_ext"
        label="Ext."
        name="phone_ext"
        validate={
          Array [
            [Function],
          ]
        }
      />
    </Col>
  </Row>
  <Row
    justify="space-between"
  >
    <ForwardRef
      cancelText="No"
      okText="Yes"
      onConfirm={[MockFunction]}
      placement="top"
      title="Are you sure you want to cancel?"
    >
      <Button
        className="full-mobile"
        disabled={false}
      >
        Cancel
      </Button>
    </ForwardRef>
    <Button
      className="full-mobile"
      disabled={false}
      htmlType="submit"
      type="primary"
    >
      Create Contact
    </Button>
  </Row>
</Connect(ReduxForm)>
`;
