// Jest Snapshot v1, https://goo.gl/fbAQLP

exports[`BasicInformation renders properly 1`] = `
<div>
  <div
    class="ant-row"
  >
    <h3
      class="ant-typography"
    >
      Basic Information
    </h3>
  </div>
  <div
    class="ant-form-item ant-form-item-with-help"
  >
    <div
      class="ant-row ant-form-item-row"
    >
      <div
        class="ant-col ant-form-item-label"
      >
        <label
          class="ant-form-item-required"
          for="facility_type"
          title=""
        >
          <div
            style="width: 100%;"
          >
            Facility Type
          </div>
        </label>
      </div>
      <div
        class="ant-col ant-form-item-control"
      >
        <div
          class="ant-form-item-control-input"
        >
          <div
            class="ant-form-item-control-input-content"
          >
            <div
              aria-required="true"
              class="ant-select ant-select-in-form-item ant-select-single ant-select-allow-clear ant-select-show-arrow ant-select-show-search"
              data-cy="facility_type"
            >
              <div
                class="ant-select-selector"
              >
                <span
                  class="ant-select-selection-search"
                >
                  <input
                    aria-activedescendant="facility_type_list_0"
                    aria-autocomplete="list"
                    aria-controls="facility_type_list"
                    aria-haspopup="listbox"
                    aria-owns="facility_type_list"
                    aria-required="true"
                    autocomplete="off"
                    class="ant-select-selection-search-input"
                    id="facility_type"
                    role="combobox"
                    type="search"
                    value=""
                  />
                </span>
                <span
                  class="ant-select-selection-placeholder"
                >
                  Please select
                </span>
              </div>
              <span
                aria-hidden="true"
                class="ant-select-arrow"
                style="user-select: none;"
                unselectable="on"
              >
                <span
                  aria-label="down"
                  class="anticon anticon-down ant-select-suffix"
                  role="img"
                >
                  <svg
                    aria-hidden="true"
                    data-icon="down"
                    fill="currentColor"
                    focusable="false"
                    height="1em"
                    viewBox="64 64 896 896"
                    width="1em"
                  >
                    <path
                      d="M884 256h-75c-5.1 0-9.9 2.5-12.9 6.6L512 654.2 227.9 262.6c-3-4.1-7.8-6.6-12.9-6.6h-75c-6.5 0-10.3 7.4-6.5 12.7l352.6 486.1c12.8 17.6 39 17.6 51.7 0l352.6-486.1c3.9-5.3.1-12.7-6.4-12.7z"
                    />
                  </svg>
                </span>
              </span>
            </div>
          </div>
        </div>
        <div
          style="display: flex; flex-wrap: nowrap;"
        >
          <div
            class="ant-form-item-explain ant-form-item-explain-connected"
            id="facility_type_help"
            role="alert"
          >
            <div
              class=""
            />
          </div>
        </div>
      </div>
    </div>
  </div>
  <div
    class="ant-form-item ant-form-item-with-help"
  >
    <div
      class="ant-row ant-form-item-row"
    >
      <div
        class="ant-col ant-form-item-label"
      >
        <label
          class="ant-form-item-required"
          for="mines_act_permit_no"
          title=""
        >
          <div
            style="width: 100%;"
          >
            Mines Act Permit Number
          </div>
        </label>
      </div>
      <div
        class="ant-col ant-form-item-control"
      >
        <div
          class="ant-form-item-control-input"
        >
          <div
            class="ant-form-item-control-input-content"
          >
            <div
              aria-required="true"
              class="ant-select ant-select-in-form-item ant-select-single ant-select-allow-clear ant-select-show-arrow ant-select-show-search"
              data-cy="mines_act_permit_no"
            >
              <div
                class="ant-select-selector"
              >
                <span
                  class="ant-select-selection-search"
                >
                  <input
                    aria-activedescendant="mines_act_permit_no_list_0"
                    aria-autocomplete="list"
                    aria-controls="mines_act_permit_no_list"
                    aria-haspopup="listbox"
                    aria-owns="mines_act_permit_no_list"
                    aria-required="true"
                    autocomplete="off"
                    class="ant-select-selection-search-input"
                    id="mines_act_permit_no"
                    role="combobox"
                    type="search"
                    value=""
                  />
                </span>
                <span
                  class="ant-select-selection-placeholder"
                >
                  Please select
                </span>
              </div>
              <span
                aria-hidden="true"
                class="ant-select-arrow"
                style="user-select: none;"
                unselectable="on"
              >
                <span
                  aria-label="down"
                  class="anticon anticon-down ant-select-suffix"
                  role="img"
                >
                  <svg
                    aria-hidden="true"
                    data-icon="down"
                    fill="currentColor"
                    focusable="false"
                    height="1em"
                    viewBox="64 64 896 896"
                    width="1em"
                  >
                    <path
                      d="M884 256h-75c-5.1 0-9.9 2.5-12.9 6.6L512 654.2 227.9 262.6c-3-4.1-7.8-6.6-12.9-6.6h-75c-6.5 0-10.3 7.4-6.5 12.7l352.6 486.1c12.8 17.6 39 17.6 51.7 0l352.6-486.1c3.9-5.3.1-12.7-6.4-12.7z"
                    />
                  </svg>
                </span>
              </span>
            </div>
          </div>
        </div>
        <div
          style="display: flex; flex-wrap: nowrap;"
        >
          <div
            class="ant-form-item-explain ant-form-item-explain-connected"
            id="mines_act_permit_no_help"
            role="alert"
          >
            <div
              class=""
            />
          </div>
        </div>
      </div>
    </div>
  </div>
  <div
    class="ant-form-item ant-form-item-with-help"
  >
    <div
      class="ant-row ant-form-item-row"
    >
      <div
        class="ant-col ant-form-item-label"
      >
        <label
          class="ant-form-item-required"
          for="tailings_storage_facility_type"
          title=""
        >
          <div
            style="width: 100%;"
          >
            Tailings Storage Facility Type
          </div>
        </label>
      </div>
      <div
        class="ant-col ant-form-item-control"
      >
        <div
          class="ant-form-item-control-input"
        >
          <div
            class="ant-form-item-control-input-content"
          >
            <div
              aria-required="true"
              class="ant-select ant-select-in-form-item ant-select-single ant-select-allow-clear ant-select-show-arrow ant-select-show-search"
              data-cy="tailings_storage_facility_type"
            >
              <div
                class="ant-select-selector"
              >
                <span
                  class="ant-select-selection-search"
                >
                  <input
                    aria-activedescendant="tailings_storage_facility_type_list_0"
                    aria-autocomplete="list"
                    aria-controls="tailings_storage_facility_type_list"
                    aria-haspopup="listbox"
                    aria-owns="tailings_storage_facility_type_list"
                    aria-required="true"
                    autocomplete="off"
                    class="ant-select-selection-search-input"
                    id="tailings_storage_facility_type"
                    role="combobox"
                    type="search"
                    value=""
                  />
                </span>
                <span
                  class="ant-select-selection-placeholder"
                >
                  Please select
                </span>
              </div>
              <span
                aria-hidden="true"
                class="ant-select-arrow"
                style="user-select: none;"
                unselectable="on"
              >
                <span
                  aria-label="down"
                  class="anticon anticon-down ant-select-suffix"
                  role="img"
                >
                  <svg
                    aria-hidden="true"
                    data-icon="down"
                    fill="currentColor"
                    focusable="false"
                    height="1em"
                    viewBox="64 64 896 896"
                    width="1em"
                  >
                    <path
                      d="M884 256h-75c-5.1 0-9.9 2.5-12.9 6.6L512 654.2 227.9 262.6c-3-4.1-7.8-6.6-12.9-6.6h-75c-6.5 0-10.3 7.4-6.5 12.7l352.6 486.1c12.8 17.6 39 17.6 51.7 0l352.6-486.1c3.9-5.3.1-12.7-6.4-12.7z"
                    />
                  </svg>
                </span>
              </span>
            </div>
          </div>
        </div>
        <div
          style="display: flex; flex-wrap: nowrap;"
        >
          <div
            class="ant-form-item-explain ant-form-item-explain-connected"
            id="tailings_storage_facility_type_help"
            role="alert"
          >
            <div
              class=""
            />
          </div>
        </div>
      </div>
    </div>
  </div>
  <div
    class="ant-form-item ant-form-item-with-help"
  >
    <div
      class="ant-row ant-form-item-row"
    >
      <div
        class="ant-col ant-form-item-label"
      >
        <label
          class="ant-form-item-required"
          for="storage_location"
          title=""
        >
          <div
            style="width: 100%;"
          >
            Underground or Above Ground?
          </div>
        </label>
      </div>
      <div
        class="ant-col ant-form-item-control"
      >
        <div
          class="ant-form-item-control-input"
        >
          <div
            class="ant-form-item-control-input-content"
          >
            <div
              aria-required="true"
              class="ant-select ant-select-in-form-item ant-select-single ant-select-allow-clear ant-select-show-arrow ant-select-show-search"
              data-cy="storage_location"
            >
              <div
                class="ant-select-selector"
              >
                <span
                  class="ant-select-selection-search"
                >
                  <input
                    aria-activedescendant="storage_location_list_0"
                    aria-autocomplete="list"
                    aria-controls="storage_location_list"
                    aria-haspopup="listbox"
                    aria-owns="storage_location_list"
                    aria-required="true"
                    autocomplete="off"
                    class="ant-select-selection-search-input"
                    id="storage_location"
                    role="combobox"
                    type="search"
                    value=""
                  />
                </span>
                <span
                  class="ant-select-selection-placeholder"
                >
                  Please select
                </span>
              </div>
              <span
                aria-hidden="true"
                class="ant-select-arrow"
                style="user-select: none;"
                unselectable="on"
              >
                <span
                  aria-label="down"
                  class="anticon anticon-down ant-select-suffix"
                  role="img"
                >
                  <svg
                    aria-hidden="true"
                    data-icon="down"
                    fill="currentColor"
                    focusable="false"
                    height="1em"
                    viewBox="64 64 896 896"
                    width="1em"
                  >
                    <path
                      d="M884 256h-75c-5.1 0-9.9 2.5-12.9 6.6L512 654.2 227.9 262.6c-3-4.1-7.8-6.6-12.9-6.6h-75c-6.5 0-10.3 7.4-6.5 12.7l352.6 486.1c12.8 17.6 39 17.6 51.7 0l352.6-486.1c3.9-5.3.1-12.7-6.4-12.7z"
                    />
                  </svg>
                </span>
              </span>
            </div>
          </div>
        </div>
        <div
          style="display: flex; flex-wrap: nowrap;"
        >
          <div
            class="ant-form-item-explain ant-form-item-explain-connected"
            id="storage_location_help"
            role="alert"
          >
            <div
              class=""
            />
          </div>
        </div>
      </div>
    </div>
  </div>
  <div
    class="ant-form-item ant-form-item-with-help"
  >
    <div
      class="ant-row ant-form-item-row"
    >
      <div
        class="ant-col ant-form-item-label"
      >
        <label
          class="ant-form-item-required"
          for="mine_tailings_storage_facility_name"
          title=""
        >
          <div
            style="width: 100%;"
          >
            Facility Name
          </div>
        </label>
      </div>
      <div
        class="ant-col ant-form-item-control"
      >
        <div
          class="ant-form-item-control-input"
        >
          <div
            class="ant-form-item-control-input-content"
          >
            <input
              aria-label="mine_tailings_storage_facility_name"
              class="ant-input"
              id="mine_tailings_storage_facility_name"
              name="mine_tailings_storage_facility_name"
              type="text"
              value=""
            />
          </div>
        </div>
        <div
          style="display: flex; flex-wrap: nowrap;"
        >
          <div
            class="ant-form-item-explain ant-form-item-explain-connected"
            id="mine_tailings_storage_facility_name_help"
            role="alert"
          >
            <div
              class=""
            />
          </div>
        </div>
      </div>
    </div>
  </div>
  <div
    class="ant-row"
    style="margin-left: -8px; margin-right: -8px;"
  >
    <div
      class="ant-col ant-col-12"
      style="padding-left: 8px; padding-right: 8px;"
    >
      <div
        class="ant-form-item ant-form-item-with-help"
      >
        <div
          class="ant-row ant-form-item-row"
        >
          <div
            class="ant-col ant-form-item-label"
          >
            <label
              class="ant-form-item-required"
              for="latitude"
              title=""
            >
              <div
                style="width: 100%;"
              >
                Latitude
              </div>
            </label>
          </div>
          <div
            class="ant-col ant-form-item-control"
          >
            <div
              class="ant-form-item-control-input"
            >
              <div
                class="ant-form-item-control-input-content"
              >
                <input
                  aria-label="latitude"
                  class="ant-input"
                  id="latitude"
                  name="latitude"
                  type="text"
                  value=""
                />
              </div>
            </div>
            <div
              style="display: flex; flex-wrap: nowrap;"
            >
              <div
                class="ant-form-item-explain ant-form-item-explain-connected"
                id="latitude_help"
                role="alert"
              >
                <div
                  class=""
                />
              </div>
            </div>
          </div>
        </div>
      </div>
    </div>
    <div
      class="ant-col ant-col-12"
      style="padding-left: 8px; padding-right: 8px;"
    >
      <div
        class="ant-form-item ant-form-item-with-help"
      >
        <div
          class="ant-row ant-form-item-row"
        >
          <div
            class="ant-col ant-form-item-label"
          >
            <label
              class="ant-form-item-required"
              for="longitude"
              title=""
            >
              <div
                style="width: 100%;"
              >
                Longitude
              </div>
            </label>
          </div>
          <div
            class="ant-col ant-form-item-control"
          >
            <div
              class="ant-form-item-control-input"
            >
              <div
                class="ant-form-item-control-input-content"
              >
                <input
                  aria-label="longitude"
                  class="ant-input"
                  id="longitude"
                  name="longitude"
                  type="text"
                  value=""
                />
              </div>
            </div>
            <div
              style="display: flex; flex-wrap: nowrap;"
            >
              <div
                class="ant-form-item-explain ant-form-item-explain-connected"
                id="longitude_help"
                role="alert"
              >
                <div
                  class=""
                />
              </div>
            </div>
          </div>
        </div>
      </div>
    </div>
  </div>
  <div
    class="ant-form-item ant-form-item-with-help"
  >
    <div
      class="ant-row ant-form-item-row"
    >
      <div
        class="ant-col ant-form-item-label"
      >
        <label
          class="ant-form-item-required"
          for="consequence_classification_status_code"
          title=""
        >
          <div
            style="width: 100%;"
          >
            Consequence Classification
          </div>
        </label>
      </div>
      <div
        class="ant-col ant-form-item-control"
      >
        <div
          class="ant-form-item-control-input"
        >
          <div
            class="ant-form-item-control-input-content"
          >
            <div
              aria-required="true"
              class="ant-select ant-select-in-form-item ant-select-single ant-select-allow-clear ant-select-show-arrow ant-select-show-search"
              data-cy="consequence_classification_status_code"
            >
              <div
                class="ant-select-selector"
              >
                <span
                  class="ant-select-selection-search"
                >
                  <input
                    aria-activedescendant="consequence_classification_status_code_list_0"
                    aria-autocomplete="list"
                    aria-controls="consequence_classification_status_code_list"
                    aria-haspopup="listbox"
                    aria-owns="consequence_classification_status_code_list"
                    aria-required="true"
                    autocomplete="off"
                    class="ant-select-selection-search-input"
                    id="consequence_classification_status_code"
                    role="combobox"
                    type="search"
                    value=""
                  />
                </span>
                <span
                  class="ant-select-selection-placeholder"
                >
                  Please select
                </span>
              </div>
              <span
                aria-hidden="true"
                class="ant-select-arrow"
                style="user-select: none;"
                unselectable="on"
              >
                <span
                  aria-label="down"
                  class="anticon anticon-down ant-select-suffix"
                  role="img"
                >
                  <svg
                    aria-hidden="true"
                    data-icon="down"
                    fill="currentColor"
                    focusable="false"
                    height="1em"
                    viewBox="64 64 896 896"
                    width="1em"
                  >
                    <path
                      d="M884 256h-75c-5.1 0-9.9 2.5-12.9 6.6L512 654.2 227.9 262.6c-3-4.1-7.8-6.6-12.9-6.6h-75c-6.5 0-10.3 7.4-6.5 12.7l352.6 486.1c12.8 17.6 39 17.6 51.7 0l352.6-486.1c3.9-5.3.1-12.7-6.4-12.7z"
                    />
                  </svg>
                </span>
              </span>
            </div>
          </div>
        </div>
        <div
          style="display: flex; flex-wrap: nowrap;"
        >
          <div
            class="ant-form-item-explain ant-form-item-explain-connected"
            id="consequence_classification_status_code_help"
            role="alert"
          >
            <div
              class=""
            />
          </div>
        </div>
      </div>
    </div>
  </div>
  <div
    class="ant-form-item ant-form-item-with-help"
  >
    <div
      class="ant-row ant-form-item-row"
    >
      <div
        class="ant-col ant-form-item-label"
      >
        <label
          class="ant-form-item-required"
          for="tsf_operating_status_code"
          title=""
        >
          <div
            style="width: 100%;"
          >
            Operating Status
          </div>
        </label>
      </div>
      <div
        class="ant-col ant-form-item-control"
      >
        <div
          class="ant-form-item-control-input"
        >
          <div
            class="ant-form-item-control-input-content"
          >
            <div
              aria-required="true"
              class="ant-select ant-select-in-form-item ant-select-single ant-select-allow-clear ant-select-show-arrow ant-select-show-search"
              data-cy="tsf_operating_status_code"
            >
              <div
                class="ant-select-selector"
              >
                <span
                  class="ant-select-selection-search"
                >
                  <input
                    aria-activedescendant="tsf_operating_status_code_list_0"
                    aria-autocomplete="list"
                    aria-controls="tsf_operating_status_code_list"
                    aria-haspopup="listbox"
                    aria-owns="tsf_operating_status_code_list"
                    aria-required="true"
                    autocomplete="off"
                    class="ant-select-selection-search-input"
                    id="tsf_operating_status_code"
                    role="combobox"
                    type="search"
                    value=""
                  />
                </span>
                <span
                  class="ant-select-selection-placeholder"
                >
                  Please select
                </span>
              </div>
              <span
                aria-hidden="true"
                class="ant-select-arrow"
                style="user-select: none;"
                unselectable="on"
              >
                <span
                  aria-label="down"
                  class="anticon anticon-down ant-select-suffix"
                  role="img"
                >
                  <svg
                    aria-hidden="true"
                    data-icon="down"
                    fill="currentColor"
                    focusable="false"
                    height="1em"
                    viewBox="64 64 896 896"
                    width="1em"
                  >
                    <path
                      d="M884 256h-75c-5.1 0-9.9 2.5-12.9 6.6L512 654.2 227.9 262.6c-3-4.1-7.8-6.6-12.9-6.6h-75c-6.5 0-10.3 7.4-6.5 12.7l352.6 486.1c12.8 17.6 39 17.6 51.7 0l352.6-486.1c3.9-5.3.1-12.7-6.4-12.7z"
                    />
                  </svg>
                </span>
              </span>
            </div>
          </div>
        </div>
        <div
          style="display: flex; flex-wrap: nowrap;"
        >
          <div
            class="ant-form-item-explain ant-form-item-explain-connected"
            id="tsf_operating_status_code_help"
            role="alert"
          >
            <div
              class=""
            />
          </div>
        </div>
      </div>
    </div>
  </div>
  <div
    class="ant-form-item ant-form-item-with-help"
  >
    <div
      class="ant-row ant-form-item-row"
    >
      <div
        class="ant-col ant-form-item-label"
      >
        <label
          class="ant-form-item-required"
          for="itrb_exemption_status_code"
          title=""
        >
          <div
            style="width: 100%;"
          >
            Independent Tailings Review Board Member
          </div>
        </label>
      </div>
      <div
        class="ant-col ant-form-item-control"
      >
        <div
          class="ant-form-item-control-input"
        >
          <div
            class="ant-form-item-control-input-content"
          >
            <div
              aria-required="true"
              class="ant-select ant-select-in-form-item ant-select-single ant-select-allow-clear ant-select-show-arrow ant-select-show-search"
              data-cy="itrb_exemption_status_code"
            >
              <div
                class="ant-select-selector"
              >
                <span
                  class="ant-select-selection-search"
                >
                  <input
                    aria-activedescendant="itrb_exemption_status_code_list_0"
                    aria-autocomplete="list"
                    aria-controls="itrb_exemption_status_code_list"
                    aria-haspopup="listbox"
                    aria-owns="itrb_exemption_status_code_list"
                    aria-required="true"
                    autocomplete="off"
                    class="ant-select-selection-search-input"
                    id="itrb_exemption_status_code"
                    role="combobox"
                    type="search"
                    value=""
                  />
                </span>
                <span
                  class="ant-select-selection-placeholder"
                >
                  Please select
                </span>
              </div>
              <span
                aria-hidden="true"
                class="ant-select-arrow"
                style="user-select: none;"
                unselectable="on"
              >
                <span
                  aria-label="down"
                  class="anticon anticon-down ant-select-suffix"
                  role="img"
                >
                  <svg
                    aria-hidden="true"
                    data-icon="down"
                    fill="currentColor"
                    focusable="false"
                    height="1em"
                    viewBox="64 64 896 896"
                    width="1em"
                  >
                    <path
                      d="M884 256h-75c-5.1 0-9.9 2.5-12.9 6.6L512 654.2 227.9 262.6c-3-4.1-7.8-6.6-12.9-6.6h-75c-6.5 0-10.3 7.4-6.5 12.7l352.6 486.1c12.8 17.6 39 17.6 51.7 0l352.6-486.1c3.9-5.3.1-12.7-6.4-12.7z"
                    />
                  </svg>
                </span>
              </span>
            </div>
          </div>
        </div>
        <div
          style="display: flex; flex-wrap: nowrap;"
        >
          <div
            class="ant-form-item-explain ant-form-item-explain-connected"
            id="itrb_exemption_status_code_help"
            role="alert"
          >
            <div
              class=""
            />
          </div>
        </div>
      </div>
    </div>
  </div>
</div>
`;
