// Jest Snapshot v1, https://goo.gl/fbAQLP

exports[`AddFullPartyForm renders properly 1`] = `
<div>
  <Connect(ReduxForm)
    name="ADD_ROLES"
    onSubmit={[Function]}
    reduxFormConfig={
      Object {
        "destroyOnUnmount": false,
      }
    }
  >
    <Collapse
      accordion={true}
      activeKey={
        Array [
          undefined,
        ]
      }
    />
    <Button
      className="btn--dropdown"
      onClick={[Function]}
    >
      <ForwardRef(PlusOutlined)
        style={
          Object {
            "color": "#6b6363",
          }
        }
      />
      Add Role
    </Button>
  </Connect(ReduxForm)>
</div>
`;
