// Jest Snapshot v1, https://goo.gl/fbAQLP

exports[`AddPartyModal renders properly 1`] = `
<div>
  <div>
    <Steps
      current={0}
    >
      <Step
        key="Basic Information"
        title="Basic Information"
      />
      <Step
        key="Role"
        title="Role"
      />
    </Steps>
    <div>
      <AddFullPartyForm
        isPerson={true}
        togglePartyChange={[Function]}
      />
    </div>
    <div
      className="right center-mobile"
    >
      <ForwardRef
        cancelText="No"
        disabled={false}
        okText="Yes"
        onConfirm={[Function]}
        placement="top"
        title="Are you sure you want to cancel?"
      >
        <Button
          className="full-mobile"
          disabled={false}
          type="secondary"
        >
          Cancel
        </Button>
      </ForwardRef>
      <Button
        className="full-mobile"
        disabled={true}
        onClick={[Function]}
        type="primary"
      >
        Next
      </Button>
    </div>
  </div>
</div>
`;
