// Jest Snapshot v1, https://goo.gl/fbAQLP

exports[`AddVarianceModal renders properly 1`] = `
<div>
  <AddVarianceForm
    closeModal={[MockFunction]}
    complianceCodes={
      Array [
        Object {
          "label": "2.3.7 - Spills",
          "value": 305,
        },
        Object {
          "label": "2.3.8 - Flammable Waste Storage",
          "value": 306,
        },
      ]
    }
    inspectors={
      Object {
        "18133c75-49ad-4101-85f3-a43e35ae989a": Object {
          "address": Array [
            Object {},
          ],
          "business_role_appts": Array [
            Object {},
          ],
          "first_name": "mock name",
          "name": "other mock name",
          "now_party_appt": Array [],
          "party_guid": "18133c75-49ad-4101-85f3-a43e35ae989a",
          "party_name": "mock name",
          "party_type_code": "PER",
        },
        "18145c75-49ad-0101-85f3-a43e45ae989a": Object {
          "address": Array [
            Object {},
          ],
          "business_role_appts": Array [
            Object {},
          ],
          "first_name": "mock Two",
          "name": "other mock Two",
          "now_party_appt": Array [],
          "party_guid": "18145c75-49ad-0101-85f3-a43e45ae989a",
          "party_name": "mock Two",
          "party_type_code": "PER",
        },
      }
    }
    mineGuid="48593"
    onSubmit={[MockFunction]}
  />
</div>
`;
