// Jest Snapshot v1, https://goo.gl/fbAQLP

exports[`ExplosivesPermitCloseModal renders properly 1`] = `
<div>
  <ExplosivesPermitCloseForm
    closeModal={[MockFunction]}
    onSubmit={[MockFunction]}
  />
</div>
`;
