// Jest Snapshot v1, https://goo.gl/fbAQLP

exports[`MergePartyConfirmationModal renders properly 1`] = `
<div>
  <MergePartyConfirmationForm
    closeModal={[MockFunction]}
    initialValues={Object {}}
    isPerson={false}
    onSubmit={[MockFunction]}
    partyRelationshipTypesHash={Object {}}
    provinceOptions={Array []}
    roles={Array []}
    title="mockTitle"
  />
</div>
`;
