// Jest Snapshot v1, https://goo.gl/fbAQLP

exports[`TransferBondModal renders properly 1`] = `
<div>
  <Alert
    description="This action will release the current bond and create a new bond using the same information under the selected permit. Any note created will be added to the new bond and the transferred bond."
    message="Transfer this bond to a different permit"
    showIcon={true}
    style={
      Object {
        "textAlign": "left",
      }
    }
    type="info"
  />
  <br />
  <TransferBondForm
    closeModal={[MockFunction]}
    initialValues={
      Object {
        "note": null,
      }
    }
    onSubmit={[Function]}
    permits={Array []}
    title="Transfer Bond"
  />
</div>
`;
