// Jest Snapshot v1, https://goo.gl/fbAQLP

exports[`EditPartyRelationshipModal renders properly 1`] = `
<EditPartyRelationshipForm
  handleChange={[MockFunction]}
  handlePartySubmit={[MockFunction]}
  mine={Object {}}
  onSubmit={[MockFunction]}
  partyRelationships={Array []}
/>
`;
