// Jest Snapshot v1, https://goo.gl/fbAQLP

exports[`InformationRequirementsTableTab renders properly 1`] = `
<div>
  <div
    class="ant-tabs ant-tabs-left ant-tabs-large now-tabs vertical-tabs"
  >
    <div
      class="ant-tabs-nav"
      role="tablist"
    >
      <div
        class="ant-tabs-nav-wrap"
      >
        <div
          class="ant-tabs-nav-list"
          style="transform: translate(0px, 0px);"
        >
          <div
            class="ant-tabs-tab ant-tabs-tab-active"
            data-node-key="intro-project-overview"
          >
            <div
              aria-controls="rc-tabs-test-panel-intro-project-overview"
              aria-selected="true"
              class="ant-tabs-tab-btn"
              id="rc-tabs-test-tab-intro-project-overview"
              role="tab"
              tabindex="0"
            >
              Introduction and Project Overview
            </div>
          </div>
          <div
            class="ant-tabs-tab"
            data-node-key="baseline-information"
          >
            <div
              aria-controls="rc-tabs-test-panel-baseline-information"
              aria-selected="false"
              class="ant-tabs-tab-btn"
              id="rc-tabs-test-tab-baseline-information"
              role="tab"
              tabindex="0"
            >
              Baseline Information
            </div>
          </div>
          <div
            class="ant-tabs-tab"
            data-node-key="mine-plan"
          >
            <div
              aria-controls="rc-tabs-test-panel-mine-plan"
              aria-selected="false"
              class="ant-tabs-tab-btn"
              id="rc-tabs-test-tab-mine-plan"
              role="tab"
              tabindex="0"
            >
              Mine Plan
            </div>
          </div>
          <div
            class="ant-tabs-tab"
            data-node-key="reclamation-closure-plan"
          >
            <div
              aria-controls="rc-tabs-test-panel-reclamation-closure-plan"
              aria-selected="false"
              class="ant-tabs-tab-btn"
              id="rc-tabs-test-tab-reclamation-closure-plan"
              role="tab"
              tabindex="0"
            >
              Reclamation Closure Plan
            </div>
          </div>
          <div
            class="ant-tabs-tab"
            data-node-key="modelling-mitigation-discharges"
          >
            <div
              aria-controls="rc-tabs-test-panel-modelling-mitigation-discharges"
              aria-selected="false"
              class="ant-tabs-tab-btn"
              id="rc-tabs-test-tab-modelling-mitigation-discharges"
              role="tab"
              tabindex="0"
            >
              Modelling Mitigation Discharges
            </div>
          </div>
          <div
            class="ant-tabs-tab"
            data-node-key="environmental-assessment-predictions"
          >
            <div
              aria-controls="rc-tabs-test-panel-environmental-assessment-predictions"
              aria-selected="false"
              class="ant-tabs-tab-btn"
              id="rc-tabs-test-tab-environmental-assessment-predictions"
              role="tab"
              tabindex="0"
            >
              Environmental Assessment Predictions
            </div>
          </div>
          <div
            class="ant-tabs-tab"
            data-node-key="environmental-monitoring"
          >
            <div
              aria-controls="rc-tabs-test-panel-environmental-monitoring"
              aria-selected="false"
              class="ant-tabs-tab-btn"
              id="rc-tabs-test-tab-environmental-monitoring"
              role="tab"
              tabindex="0"
            >
              Environmental Monitory
            </div>
          </div>
          <div
            class="ant-tabs-tab"
            data-node-key="health-safety"
          >
            <div
              aria-controls="rc-tabs-test-panel-health-safety"
              aria-selected="false"
              class="ant-tabs-tab-btn"
              id="rc-tabs-test-tab-health-safety"
              role="tab"
              tabindex="0"
            >
              Health Safety
            </div>
          </div>
          <div
            class="ant-tabs-tab"
            data-node-key="management-plan"
          >
            <div
              aria-controls="rc-tabs-test-panel-management-plan"
              aria-selected="false"
              class="ant-tabs-tab-btn"
              id="rc-tabs-test-tab-management-plan"
              role="tab"
              tabindex="0"
            >
              Management Plan
            </div>
          </div>
          <div
            class="ant-tabs-ink-bar ant-tabs-ink-bar-animated"
          />
        </div>
      </div>
      <div
        class="ant-tabs-nav-operations ant-tabs-nav-operations-hidden"
      >
        <button
          aria-controls="rc-tabs-test-more-popup"
          aria-expanded="false"
          aria-haspopup="listbox"
          aria-hidden="true"
          class="ant-tabs-nav-more"
          id="rc-tabs-test-more"
          style="visibility: hidden; order: 1;"
          tabindex="-1"
          type="button"
        >
          <span
            aria-label="ellipsis"
            class="anticon anticon-ellipsis"
            role="img"
          >
            <svg
              aria-hidden="true"
              data-icon="ellipsis"
              fill="currentColor"
              focusable="false"
              height="1em"
              viewBox="64 64 896 896"
              width="1em"
            >
              <path
                d="M176 511a56 56 0 10112 0 56 56 0 10-112 0zm280 0a56 56 0 10112 0 56 56 0 10-112 0zm280 0a56 56 0 10112 0 56 56 0 10-112 0z"
              />
            </svg>
          </span>
        </button>
      </div>
    </div>
    <div
      class="ant-tabs-content-holder"
    >
      <div
        class="ant-tabs-content ant-tabs-content-left"
      >
        <div
          aria-hidden="false"
          aria-labelledby="rc-tabs-test-tab-intro-project-overview"
          class="ant-tabs-tabpane ant-tabs-tabpane-active"
          id="rc-tabs-test-panel-intro-project-overview"
          role="tabpanel"
          tabindex="0"
        >
          <div>
            <form
              class="ant-form ant-form-vertical common-form common-form-UPDATE_IRT form-edit"
              id="UPDATE_IRT"
            >
              <div
                class="ant-row"
              >
                <div
                  class="ant-col ant-col-24"
                >
                  <div
                    class="bcgov-callout--success bcgov-callout"
                  >
                    <p
                      class="bcgov-callout-title"
                    >
                      Submitted
                    </p>
                    <p>
                      This project has been formally submitted by the proponent through MineSpace. MineSpace users can update documents only.
                    </p>
                  </div>
                </div>
              </div>
            </form>
            <div
              id="loading-screen"
            >
              <div
                aria-busy="true"
                aria-live="polite"
                class="ant-spin ant-spin-spinning"
              >
                <span
                  aria-label="loading"
                  class="anticon anticon-loading loader loader-color ant-spin-dot"
                  role="img"
                  style="font-size: 170px; margin-top: 70px;"
                >
                  <svg
                    aria-hidden="true"
                    class="anticon-spin"
                    data-icon="loading"
                    fill="currentColor"
                    focusable="false"
                    height="1em"
                    viewBox="0 0 1024 1024"
                    width="1em"
                  >
                    <path
                      d="M988 548c-19.9 0-36-16.1-36-36 0-59.4-11.6-117-34.6-171.3a440.45 440.45 0 00-94.3-139.9 437.71 437.71 0 00-139.9-94.3C629 83.6 571.4 72 512 72c-19.9 0-36-16.1-36-36s16.1-36 36-36c69.1 0 136.2 13.5 199.3 40.3C772.3 66 827 103 874 150c47 47 83.9 101.8 109.7 162.7 26.7 63.1 40.2 130.2 40.2 199.3.1 19.9-16 36-35.9 36z"
                    />
                  </svg>
                </span>
              </div>
            </div>
          </div>
        </div>
      </div>
    </div>
  </div>
</div>
`;
