// Jest Snapshot v1, https://goo.gl/fbAQLP

exports[`ChangeNOWLocationForm renders properly 1`] = `
<Connect(ReduxForm)
  isModal={true}
  name="CHANGE_NOW_LOCATION"
  onSubmit={[Function]}
>
  <EditNOWMineAndLocation
    latitude=""
    locationOnly={true}
    longitude=""
  />
  <Connect(MineCard)
    additionalPin={Array []}
    mine={Object {}}
  />
  <div
    className="right center-mobile"
  >
    <RenderCancelButton />
    <Connect(AuthorizationWrapper)
      permission="role_edit_permits"
    >
      <RenderSubmitButton
        buttonText="mockTitle"
        disableOnClean={false}
        disabled={false}
      />
    </Connect(AuthorizationWrapper)>
  </div>
</Connect(ReduxForm)>
`;
