// Jest Snapshot v1, https://goo.gl/fbAQLP

exports[`EditNOWMineAndLocation renders properly 1`] = `
<div>
  <Row
    gutter={16}
  >
    <Col
      md={12}
      s={12}
    >
      <Field
        component={[Function]}
        id="latitude"
        label={
          Array [
            <Badge
              color="#fcba05"
            />,
            "NoW Latitude",
          ]
        }
        name="latitude"
        validate={
          Array [
            [Function],
          ]
        }
      />
    </Col>
    <Col
      md={12}
      s={12}
    >
      <Field
        component={[Function]}
        id="longitude"
        label="NoW Longitude"
        name="longitude"
        validate={
          Array [
            [Function],
            [Function],
          ]
        }
      />
    </Col>
  </Row>
</div>
`;
