// Jest Snapshot v1, https://goo.gl/fbAQLP

exports[`IncidentForm renders properly 1`] = `
<Connect(ReduxForm)
  name="ADD_EDIT_INCIDENT"
  onSubmit={[Function]}
  reduxFormConfig={
    Object {
      "enableReinitialize": true,
      "touchOnBlur": true,
      "touchOnChange": true,
    }
  }
>
  <Row>
    <Col>
      <Callout
        message={
          <div>
            <h4
              id="initial-report"
              style={
                Object {
                  "color": "#313132",
                  "fontWeight": 700,
                }
              }
            >
              This Incident Has Been Closed
            </h4>
            <p>
              This incident has been reviewed and has been closed.
            </p>
          </div>
        }
        severity="warning"
        style={Object {}}
      />
      <br />
      <Row
        gutter={
          Array [
            16,
          ]
        }
      >
        <Col
          span={24}
        >
          <ForwardRef
            level={4}
          >
            Reporter Details
          </ForwardRef>
          <ForwardRef>
            Enter all available details about the reporter of this incident.
          </ForwardRef>
        </Col>
        <Col
          md={10}
          xs={24}
        >
          <Field
            component={[Function]}
            disabled={true}
            id="reported_by_name"
            label="Reported by"
            name="reported_by_name"
            placeholder="Enter name of reporter"
            required={true}
            validate={
              Array [
                [Function],
              ]
            }
          />
        </Col>
        <Col
          md={10}
          xs={24}
        >
          <Field
            component={[Function]}
            disabled={true}
            id="reported_by_phone_no"
            label="Phone number"
            name="reported_by_phone_no"
            normalize={[Function]}
            placeholder="xxx-xxx-xxxx"
            required={true}
            validate={
              Array [
                [Function],
                [Function],
                [Function],
              ]
            }
          />
        </Col>
        <Col
          md={4}
          xs={24}
        >
          <Field
            component={[Function]}
            disabled={true}
            id="reported_by_phone_ext"
            label="Ext."
            name="reported_by_phone_ext"
            placeholder="xxxxxx"
            validate={
              Array [
                [Function],
                [Function],
              ]
            }
          />
        </Col>
        <Col
          md={10}
          xs={24}
        >
          <Field
            blockLabelText="Notification of record creation and updates will be sent to this address"
            component={[Function]}
            disabled={true}
            id="reported_by_email"
            label="Email"
            name="reported_by_email"
            placeholder="example@domain.com"
            required={true}
            validate={
              Array [
                [Function],
                [Function],
              ]
            }
          />
        </Col>
      </Row>
      <br />
      <Row
        gutter={
          Array [
            16,
          ]
        }
      >
        <Col
          span={24}
        >
          <ForwardRef
            id="incident-details"
            level={4}
          >
            Incident Details
          </ForwardRef>
          <ForwardRef>
            Enter more information regarding the reported incident. Some fields may be marked as optional but help the ministry understand the nature of the incident, please consider including them.
          </ForwardRef>
        </Col>
        <Col
          span={24}
        >
          <Field
            component={[Function]}
            customOptions={
              Array [
                Object {
                  "label": "Surface",
                  "value": "surface",
                },
                Object {
                  "label": "Underground",
                  "value": "underground",
                },
                Object {
                  "label": "Not Specified",
                  "value": "",
                },
              ]
            }
            disabled={true}
            id="incident_location"
            label="Incident Location"
            name="incident_location"
            required={true}
            validate={
              Array [
                [Function],
              ]
            }
          />
        </Col>
        <Col
          md={12}
          xs={24}
        >
          <Field
            component={
              Object {
                "$$typeof": Symbol(react.memo),
                "WrappedComponent": [Function],
                "compare": null,
                "displayName": "Connect(RenderDateTimeTz)",
                "type": [Function],
              }
            }
            disabled={true}
            id="incident_timestamp"
            label="Incident date and time"
            name="incident_timestamp"
            normalize={[Function]}
            props={
              Object {
                "timezoneFieldProps": Object {
                  "name": "incident_timezone",
                },
              }
            }
            required={true}
            validate={
              Array [
                [Function],
                [Function],
                [Function],
              ]
            }
          />
        </Col>
        <Col
          md={12}
          xs={24}
        >
          <Field
            component={[Function]}
            disabled={true}
            id="proponent_incident_no"
            label="Proponent incident number"
            name="proponent_incident_no"
            validate={
              Array [
                [Function],
              ]
            }
          />
        </Col>
        <Col
          md={12}
          xs={24}
        >
          <Field
            component={[Function]}
            disabled={true}
            id="number_of_injuries"
            label="Number of injuries"
            name="number_of_injuries"
            validate={
              Array [
                [Function],
                [Function],
              ]
            }
          />
        </Col>
        <Col
          md={12}
          xs={24}
        >
          <Field
            component={[Function]}
            disabled={true}
            id="number_of_fatalities"
            label="Number of fatalities"
            name="number_of_fatalities"
            validate={
              Array [
                [Function],
                [Function],
              ]
            }
          />
        </Col>
        <Col
          md={12}
          xs={24}
        >
          <Field
            component={[Function]}
            disabled={true}
            id="emergency_services_called"
            label="Were emergency services called?"
            name="emergency_services_called"
            placeholder="Please choose one"
          />
        </Col>
        <Col
          span={24}
        >
          <Field
            component={[Function]}
            disabled={true}
            id="incident_description"
            label="Description of incident"
            name="incident_description"
            placeholder="Provide a detailed description of the incident"
            required={true}
            validate={
              Array [
                [Function],
                [Function],
              ]
            }
          />
        </Col>
        <Col
          span={24}
        >
          <Field
            component={[Function]}
            disabled={true}
            id="immediate_measures_taken"
            label="Immediate measures taken"
            name="immediate_measures_taken"
            placeholder="Provide a detailed description of any immediate measures taken"
            validate={
              Array [
                [Function],
              ]
            }
          />
        </Col>
        <Col
          span={24}
        >
          <Field
            component={[Function]}
            disabled={true}
            id="injuries_description"
            label="If any injuries, please describe"
            name="injuries_description"
            placeholder="Provide a detailed description of any injuries"
            validate={
              Array [
                [Function],
              ]
            }
          />
        </Col>
        <Divider />
        <Col
          span={24}
        >
          <ForwardRef
            level={4}
          >
            Inspectors, OHSC, Local Union or Worker Representatives
          </ForwardRef>
        </Col>
        <Col
          span={24}
        >
          <ForwardRef>
            Please enter the details of those who have been contacted
          </ForwardRef>
        </Col>
        <Col
          span={24}
        >
          <ForwardRef
            level={5}
          >
            Verbal Notification
          </ForwardRef>
        </Col>
        <Col
          md={12}
          xs={24}
        >
          <Field
            component={[Function]}
            disabled={true}
            id="verbal_notification_provided"
            label="Was verbal notification of the incident provided through the Mine Incident Reporting Line (1-888-348-0299)?"
            name="verbal_notification_provided"
            required={true}
            validate={
              Array [
                [Function],
              ]
            }
          />
        </Col>
        <Col
          span={24}
        >
          <hr />
          <ForwardRef
            level={5}
          >
            OHSC Worker Representative
          </ForwardRef>
        </Col>
        <Col
          md={12}
          xs={24}
        >
          <Field
            component={[Function]}
            disabled={true}
            id="johsc_worker_rep_name"
            label="OHSC Worker Rep Name"
            name="johsc_worker_rep_name"
            placeholder="Enter name"
            validate={
              Array [
                [Function],
              ]
            }
          />
        </Col>
        <Col
          md={12}
          xs={24}
        >
          <Field
            component={[Function]}
            disabled={true}
            id="johsc_worker_rep_contacted"
            label="Has this person already been informed of the incident?"
            name="johsc_worker_rep_contacted"
          />
        </Col>
        <Col
          span={24}
        >
          <hr />
          <ForwardRef
            level={5}
          >
            OHSC Management Representative
          </ForwardRef>
        </Col>
        <Col
          md={12}
          xs={24}
        >
          <Field
            component={[Function]}
            disabled={true}
            id="johsc_management_rep_name"
            label="OHSC Management Rep Name"
            name="johsc_management_rep_name"
            placeholder="Enter name"
            validate={
              Array [
                [Function],
              ]
            }
          />
        </Col>
        <Col
          md={12}
          xs={24}
        >
          <Field
            component={[Function]}
            disabled={true}
            id="johsc_management_rep_contacted"
            label="Has this person already been informed of the incident?"
            name="johsc_management_rep_contacted"
          />
        </Col>
      </Row>
      <br />
      <br />
      <Row>
        <ForwardRef
          id="documentation"
          level={3}
        >
          Documentation
        </ForwardRef>
        <Col
          span={24}
        >
          <Row>
            <Col
              md={12}
              xs={24}
            >
              <ForwardRef
                level={4}
              >
                Incident Documents
              </ForwardRef>
            </Col>
            <Col
              md={12}
              xs={24}
            >
              <div
                className="right center-mobile"
              >
                <Button
                  className="full-mobile violet violet-border"
                  id="mine-incident-add-documentation"
                  onClick={[Function]}
                  type="secondary"
                >
                  + Add Documentation
                </Button>
              </div>
            </Col>
          </Row>
          <DocumentTable
            documentColumns={
              Array [
                Object {
                  "dataIndex": "document_name",
                  "key": "document_name",
                  "render": [Function],
                  "sorter": [Function],
                  "title": "File Name",
                },
                Object {
                  "dataIndex": "upload_date",
                  "key": "upload_date",
                  "render": [Function],
                  "sorter": [Function],
                  "title": "Uploaded",
                },
                Object {
                  "dataIndex": "update_user",
                  "key": "update_user",
                  "render": [Function],
                  "sorter": [Function],
                  "title": "Uploaded By",
                },
              ]
            }
            documentParent="Mine Incident"
            documents={
              Array [
                Object {
                  "document_manager_guid": "7b41c10c-4974-428d-a38a-ee3e8c4cee5a",
                  "document_name": "Amazing_PDF.pdf",
                  "mine_document_guid": "75855dd1-1f51-4fc1-835f-2dd99ea96f90",
                  "mine_incident_document_type_code": "INI",
                },
              ]
            }
          />
          <Row>
            <Col
              md={12}
              xs={24}
            >
              <ForwardRef
                id="final-report"
                level={4}
              >
                Final Report Documents
              </ForwardRef>
            </Col>
            <Col
              md={12}
              xs={24}
            >
              <div
                className="right center-mobile"
              >
                <Button
                  className="full-mobile violet violet-border"
                  onClick={[Function]}
                  type="primary"
                >
                  + Add Final Report
                </Button>
              </div>
            </Col>
          </Row>
          <Row>
            <ForwardRef>
              A final report must be submitted within 60 days of the reportable incident. Please add the final report documentation below.
            </ForwardRef>
          </Row>
          <DocumentTable
            documentColumns={
              Array [
                Object {
                  "dataIndex": "document_name",
                  "key": "document_name",
                  "render": [Function],
                  "sorter": [Function],
                  "title": "File Name",
                },
                Object {
                  "dataIndex": "upload_date",
                  "key": "upload_date",
                  "render": [Function],
                  "sorter": [Function],
                  "title": "Uploaded",
                },
                Object {
                  "dataIndex": "update_user",
                  "key": "update_user",
                  "render": [Function],
                  "sorter": [Function],
                  "title": "Uploaded By",
                },
              ]
            }
            documentParent="Mine Incident"
            documents={Array []}
          />
        </Col>
      </Row>
      <br />
      <Row
        gutter={
          Array [
            16,
          ]
        }
      >
        <Col
          span={24}
        >
          <ForwardRef
            id="ministry-follow-up"
            level={3}
          >
            Ministry Follow Up
          </ForwardRef>
          <ForwardRef
            level={4}
          >
            Follow-Up Information
          </ForwardRef>
        </Col>
        <Col
          md={12}
          xs={24}
        >
          <Field
            component={[Function]}
            disabled={true}
            id="followup_inspection"
            label="Was there a follow-up inspection?"
            name="followup_inspection"
          />
        </Col>
        <Col
          md={12}
          xs={24}
        >
          <Field
            component={
              Object {
                "$$typeof": Symbol(react.memo),
                "WrappedComponent": [Function],
                "compare": null,
                "displayName": "Connect(RenderDateTimeTz)",
                "type": [Function],
              }
            }
            disabled={true}
            id="followup_inspection_date"
            label="Follow-up inspection date"
            name="followup_inspection_date"
            normalize={[Function]}
            showTime={false}
          />
        </Col>
        <Col
          md={12}
          xs={24}
        >
          <Field
            component={[Function]}
            disabled={true}
            id="followup_investigation_type_code"
            label="Was it escalated to MCM investigation?"
            name="followup_investigation_type_code"
          />
        </Col>
        <Col
          md={12}
          xs={24}
        >
          <Field
            component={[Function]}
            disabled={true}
            id="status_code"
            label="Incident Status"
            name="status_code"
          />
        </Col>
        <Col
          span={24}
        >
          <InternalFormItem
            label="Mine manager's recommendations"
          >
            <FieldArray
              component={[Function]}
              disabled={true}
              id="recommendations"
              name="recommendations"
            />
          </InternalFormItem>
        </Col>
      </Row>
    </Col>
  </Row>
</Connect(ReduxForm)>
`;
