// Jest Snapshot v1, https://goo.gl/fbAQLP

exports[`ExplosivesPermitCloseForm renders properly 1`] = `
<Connect(ReduxForm)
  isModal={true}
  name="EXPLOSIVES_PERMIT_CLOSE"
  onSubmit={[MockFunction]}
  reduxFormConfig={
    Object {
      "enableReinitialize": true,
      "touchOnBlur": false,
    }
  }
>
  <Row
    gutter={16}
  >
    <Col
      span={24}
    >
      <ForwardRef
        level={2}
      >
        Close Permit
      </ForwardRef>
      <ForwardRef>
        If you perform this action there will no longer be an active explosive use and storage permit for this notice of work. If you still want to have an amendment active, consider creating an amendment for this permit before performing this action.
      </ForwardRef>
    </Col>
  </Row>
  <Row
    gutter={16}
  >
    <Col
      span={24}
    >
      <Field
        component={
          Object {
            "$$typeof": Symbol(react.memo),
            "WrappedComponent": [Function],
            "compare": null,
            "displayName": "Connect(RenderDateTimeTz)",
            "type": [Function],
          }
        }
        id="closed_timestamp"
        label="Date Permit was Closed"
        name="closed_timestamp"
        normalize={[Function]}
        props={
          Object {
            "timezoneFieldProps": Object {
              "name": "esup_permit_close_timezone",
            },
          }
        }
        required={true}
        validate={
          Array [
            [Function],
            [Function],
            [Function],
          ]
        }
      />
    </Col>
  </Row>
  <Row
    gutter={16}
  >
    <Col
      span={24}
    >
      <Field
        component={[Function]}
        id="closed_reason"
        label="Reason for closure"
        name="closed_reason"
      />
    </Col>
  </Row>
  <div
    className="right center-mobile"
  >
    <RenderCancelButton />
    <RenderSubmitButton
      buttonText="Close Permit"
    />
  </div>
</Connect(ReduxForm)>
`;
