// Jest Snapshot v1, https://goo.gl/fbAQLP

exports[`Notification Drawer renders properly 1`] = `
<div>
  <div>
    <button
      class="ant-btn ant-btn-text ant-btn-icon-only notification-button "
      type="button"
    >
      <span
        class="ant-badge notification-badge"
      >
        <span
          aria-label="bell"
          class="anticon anticon-bell notification-icon"
          role="img"
        >
          <svg
            aria-hidden="true"
            class=""
            data-icon="bell"
            fill="currentColor"
            focusable="false"
            height="1em"
            viewBox="64 64 896 896"
            width="1em"
          >
            <path
              d="M816 768h-24V428c0-141.1-104.3-257.7-240-277.1V112c0-22.1-17.9-40-40-40s-40 17.9-40 40v38.9c-135.7 19.4-240 136-240 277.1v340h-24c-17.7 0-32 14.3-32 32v32c0 4.4 3.6 8 8 8h216c0 61.8 50.2 112 112 112s112-50.2 112-112h216c4.4 0 8-3.6 8-8v-32c0-17.7-14.3-32-32-32zM512 888c-26.5 0-48-21.5-48-48h96c0 26.5-21.5 48-48 48zM304 768V428c0-55.6 21.6-107.8 60.9-147.1S456.4 220 512 220c55.6 0 107.8 21.6 147.1 60.9S720 372.4 720 428v340H304z"
            />
          </svg>
        </span>
      </span>
    </button>
    <div
      class="notification-drawer "
    >
      <div
        class="ant-tabs ant-tabs-top notification-tabs"
      >
        <div
          class="ant-tabs-nav"
          role="tablist"
          style="background-color: rgb(255, 255, 255);"
        >
          <div
            class="ant-tabs-nav-wrap"
          >
            <div
              class="ant-tabs-nav-list"
              style="transform: translate(0px, 0px);"
            >
              <div
                class="ant-tabs-tab ant-tabs-tab-active"
                data-node-key="1"
              >
                <div
                  aria-controls="rc-tabs-test-panel-1"
                  aria-selected="true"
                  class="ant-tabs-tab-btn"
                  id="rc-tabs-test-tab-1"
                  role="tab"
                  tabindex="0"
                >
                  <h5
                    class="ant-typography notification-tab-header"
                  >
                    Mine Activity
                  </h5>
                </div>
              </div>
              <div
                class="ant-tabs-ink-bar ant-tabs-ink-bar-animated"
              />
            </div>
          </div>
          <div
            class="ant-tabs-nav-operations ant-tabs-nav-operations-hidden"
            style="background-color: rgb(255, 255, 255);"
          >
            <button
              aria-controls="rc-tabs-test-more-popup"
              aria-expanded="false"
              aria-haspopup="listbox"
              aria-hidden="true"
              class="ant-tabs-nav-more"
              id="rc-tabs-test-more"
              style="visibility: hidden; order: 1;"
              tabindex="-1"
              type="button"
            >
              <span
                aria-label="ellipsis"
                class="anticon anticon-ellipsis"
                role="img"
              >
                <svg
                  aria-hidden="true"
                  data-icon="ellipsis"
                  fill="currentColor"
                  focusable="false"
                  height="1em"
                  viewBox="64 64 896 896"
                  width="1em"
                >
                  <path
                    d="M176 511a56 56 0 10112 0 56 56 0 10-112 0zm280 0a56 56 0 10112 0 56 56 0 10-112 0zm280 0a56 56 0 10112 0 56 56 0 10-112 0z"
                  />
                </svg>
              </span>
            </button>
          </div>
        </div>
        <div
          class="ant-tabs-content-holder"
        >
          <div
            class="ant-tabs-content ant-tabs-content-top"
          >
            <div
              aria-hidden="false"
              aria-labelledby="rc-tabs-test-tab-1"
              class="ant-tabs-tabpane ant-tabs-tabpane-active notification-tab-pane"
              id="rc-tabs-test-panel-1"
              role="tabpanel"
              tabindex="0"
            >
              <div
                class="notification-button-all-container"
              >
                <button
                  class="ant-btn ant-btn-text ant-btn-sm notification-button-all"
                  type="button"
                >
                  <span>
                    Mark all as read
                  </span>
                </button>
              </div>
            </div>
          </div>
        </div>
      </div>
    </div>
  </div>
</div>
`;
