// Jest Snapshot v1, https://goo.gl/fbAQLP

exports[`Index: shows loading before keycloak is instantiated 1`] = `<Loading />`;
