// Jest Snapshot v1, https://goo.gl/fbAQLP

exports[`RenderGroupCheckbox renders properly 1`] = `
<div>
  <div
    class="ant-form-item ant-form-item-with-help"
  >
    <div
      class="ant-row ant-form-item-row"
    >
      <div
        class="ant-col ant-form-item-label"
      >
        <label
          class=""
          for="groupInput"
          title="Mock Label"
        >
          Mock Label
        </label>
      </div>
      <div
        class="ant-col ant-form-item-control"
      >
        <div
          class="ant-form-item-control-input"
        >
          <div
            class="ant-form-item-control-input-content"
          >
            <div
              class="ant-checkbox-group"
              id="groupInput"
              name="groupInput"
            >
              <label
                class="ant-checkbox-wrapper ant-checkbox-wrapper-checked ant-checkbox-wrapper-in-form-item ant-checkbox-group-item"
              >
                <span
                  class="ant-checkbox ant-checkbox-checked"
                >
                  <input
                    checked=""
                    class="ant-checkbox-input"
                    name="groupInput"
                    type="checkbox"
                    value="opt1"
                  />
                  <span
                    class="ant-checkbox-inner"
                  />
                </span>
                <span>
                  Opt 1
                </span>
              </label>
              <label
                class="ant-checkbox-wrapper ant-checkbox-wrapper-checked ant-checkbox-wrapper-in-form-item ant-checkbox-group-item"
              >
                <span
                  class="ant-checkbox ant-checkbox-checked"
                >
                  <input
                    checked=""
                    class="ant-checkbox-input"
                    name="groupInput"
                    type="checkbox"
                    value="opt2"
                  />
                  <span
                    class="ant-checkbox-inner"
                  />
                </span>
                <span>
                  Opt 2
                </span>
              </label>
              <label
                class="ant-checkbox-wrapper ant-checkbox-wrapper-in-form-item ant-checkbox-group-item"
              >
                <span
                  class="ant-checkbox"
                >
                  <input
                    class="ant-checkbox-input"
                    name="groupInput"
                    type="checkbox"
                    value="opt3"
                  />
                  <span
                    class="ant-checkbox-inner"
                  />
                </span>
                <span>
                  Opt 3
                </span>
              </label>
            </div>
          </div>
        </div>
        <div
          style="display: flex; flex-wrap: nowrap;"
        >
          <div
            class="ant-form-item-explain ant-form-item-explain-connected"
            id="groupInput_help"
            role="alert"
          >
            <div
              class=""
            />
          </div>
        </div>
      </div>
    </div>
  </div>
</div>
`;
