// Jest Snapshot v1, https://goo.gl/fbAQLP

exports[`PermitConditionsSelectDocumentModal renders properly 1`] = `
<div>
  <h1
    class="ant-typography"
  >
    Extract Permit Conditions
  </h1>
  <div
    class="ant-typography"
  >
    Select the permit for permit condition extraction.
  </div>
  <div
    class="ant-table-wrapper  core-table"
  >
    <div
      class="ant-spin-nested-loading"
    >
      <div
        class="ant-spin-container"
      >
        <div
          class="ant-table"
        >
          <div
            class="ant-table-container"
          >
            <div
              class="ant-table-content"
            >
              <table
                style="table-layout: auto;"
              >
                <colgroup />
                <thead
                  class="ant-table-thead"
                >
                  <tr>
                    <th
                      aria-label="File Name"
                      class="ant-table-cell ant-table-column-has-sorters"
                      tabindex="0"
                    >
                      <div
                        class="ant-table-column-sorters"
                      >
                        <span
                          class="ant-table-column-title"
                        >
                          File Name
                        </span>
                        <span
                          class="ant-table-column-sorter ant-table-column-sorter-full"
                        >
                          <span
                            class="ant-table-column-sorter-inner"
                          >
                            <span
                              aria-label="caret-up"
                              class="anticon anticon-caret-up ant-table-column-sorter-up"
                              role="presentation"
                            >
                              <svg
                                aria-hidden="true"
                                data-icon="caret-up"
                                fill="currentColor"
                                focusable="false"
                                height="1em"
                                viewBox="0 0 1024 1024"
                                width="1em"
                              >
                                <path
                                  d="M858.9 689L530.5 308.2c-9.4-10.9-27.5-10.9-37 0L165.1 689c-12.2 14.2-1.2 35 18.5 35h656.8c19.7 0 30.7-20.8 18.5-35z"
                                />
                              </svg>
                            </span>
                            <span
                              aria-label="caret-down"
                              class="anticon anticon-caret-down ant-table-column-sorter-down"
                              role="presentation"
                            >
                              <svg
                                aria-hidden="true"
                                data-icon="caret-down"
                                fill="currentColor"
                                focusable="false"
                                height="1em"
                                viewBox="0 0 1024 1024"
                                width="1em"
                              >
                                <path
                                  d="M840.4 300H183.6c-19.7 0-30.7 20.8-18.5 35l328.4 380.8c9.4 10.9 27.5 10.9 37 0L858.9 335c12.2-14.2 1.2-35-18.5-35z"
                                />
                              </svg>
                            </span>
                          </span>
                        </span>
                      </div>
                    </th>
                    <th
                      class="ant-table-cell"
                    >
                      Created By
                    </th>
                    <th
                      class="ant-table-cell"
                    >
                      Uploaded
                    </th>
                    <th
                      class="ant-table-cell actions-column"
                    />
                  </tr>
                </thead>
                <tbody
                  class="ant-table-tbody"
                >
                  <tr
                    class="ant-table-row ant-table-row-level-0 fade-in"
                    data-row-key="64caef0e-060d-4875-a470-6c225b242723"
                  >
                    <td
                      class="ant-table-cell"
                    >
                      <div
                        class="inline-flex flex-between file-name-container"
                        title="File Name"
                      >
                        <div
                          class="file-name-text"
                        >
                          <a
                            class="ant-dropdown-trigger ant-dropdown-link"
                            role="button"
                            tabindex="0"
                          >
                            Adams_amendment_1.pdf
                             
                            <span
                              aria-label="down"
                              class="anticon anticon-down"
                              role="img"
                            >
                              <svg
                                aria-hidden="true"
                                class=""
                                data-icon="down"
                                fill="currentColor"
                                focusable="false"
                                height="1em"
                                viewBox="64 64 896 896"
                                width="1em"
                              >
                                <path
                                  d="M884 256h-75c-5.1 0-9.9 2.5-12.9 6.6L512 654.2 227.9 262.6c-3-4.1-7.8-6.6-12.9-6.6h-75c-6.5 0-10.3 7.4-6.5 12.7l352.6 486.1c12.8 17.6 39 17.6 51.7 0l352.6-486.1c3.9-5.3.1-12.7-6.4-12.7z"
                                />
                              </svg>
                            </span>
                          </a>
                        </div>
                        <span
                          class="file-history-container"
                        />
                      </div>
                    </td>
                    <td
                      class="ant-table-cell"
                    >
                      <div
                        class="create_user-column"
                        title="Created By"
                      >
                        N/A
                      </div>
                    </td>
                    <td
                      class="ant-table-cell"
                    >
                      <div
                        title="Uploaded"
                      >
                        N/A
                      </div>
                    </td>
                    <td
                      class="ant-table-cell actions-column"
                    >
                      <button
                        class="ant-btn ant-btn-primary"
                        type="button"
                      >
                        <span>
                          Extract
                        </span>
                      </button>
                    </td>
                  </tr>
                  <tr
                    class="ant-table-row ant-table-row-level-0 fade-in"
                    data-row-key="64caef0e-060d-4875-a470-6c225b242723"
                  >
                    <td
                      class="ant-table-cell"
                    >
                      <div
                        class="inline-flex flex-between file-name-container"
                        title="File Name"
                      >
                        <div
                          class="file-name-text"
                        >
                          <a
                            class="ant-dropdown-trigger ant-dropdown-link"
                            role="button"
                            tabindex="0"
                          >
                            Adams_amendment_2.pdf
                             
                            <span
                              aria-label="down"
                              class="anticon anticon-down"
                              role="img"
                            >
                              <svg
                                aria-hidden="true"
                                class=""
                                data-icon="down"
                                fill="currentColor"
                                focusable="false"
                                height="1em"
                                viewBox="64 64 896 896"
                                width="1em"
                              >
                                <path
                                  d="M884 256h-75c-5.1 0-9.9 2.5-12.9 6.6L512 654.2 227.9 262.6c-3-4.1-7.8-6.6-12.9-6.6h-75c-6.5 0-10.3 7.4-6.5 12.7l352.6 486.1c12.8 17.6 39 17.6 51.7 0l352.6-486.1c3.9-5.3.1-12.7-6.4-12.7z"
                                />
                              </svg>
                            </span>
                          </a>
                        </div>
                        <span
                          class="file-history-container"
                        />
                      </div>
                    </td>
                    <td
                      class="ant-table-cell"
                    >
                      <div
                        class="create_user-column"
                        title="Created By"
                      >
                        N/A
                      </div>
                    </td>
                    <td
                      class="ant-table-cell"
                    >
                      <div
                        title="Uploaded"
                      >
                        N/A
                      </div>
                    </td>
                    <td
                      class="ant-table-cell actions-column"
                    >
                      <button
                        class="ant-btn ant-btn-primary"
                        type="button"
                      >
                        <span>
                          Extract
                        </span>
                      </button>
                    </td>
                  </tr>
                </tbody>
              </table>
            </div>
          </div>
        </div>
      </div>
    </div>
  </div>
</div>
`;
