// Jest Snapshot v1, https://goo.gl/fbAQLP

exports[`FileUpload renders properly 1`] = `
<div
  class="whirlpool-container"
>
  <div
    class="filepond--wrapper"
  >
    <input
      accept=""
      multiple=""
      name="file"
      type="file"
    />
  </div>
</div>
`;
