// Jest Snapshot v1, https://goo.gl/fbAQLP

exports[`RenderLabel renders properly 1`] = `
<InternalFormItem>
  <Row
    className="template-letter-content"
  >
    <Col
      span={2}
    >
      <ForwardRef
        disabled={true}
      >
        test
      </ForwardRef>
    </Col>
    <Col
      span={1}
    >
      <Divider
        plain={true}
        type="vertical"
      />
    </Col>
    <Col
      span={21}
    >
      <ForwardRef
        ellipsis={
          Object {
            "expandable": true,
            "rows": 3,
          }
        }
      />
    </Col>
  </Row>
</InternalFormItem>
`;
