// Jest Snapshot v1, https://goo.gl/fbAQLP

exports[`TransferBondForm renders properly 1`] = `
<Connect(ReduxForm)
  isModal={true}
  name="TRANSFER_BOND"
  onSubmit={[MockFunction]}
  reduxFormConfig={
    Object {
      "enableReinitialize": true,
      "touchOnBlur": false,
    }
  }
>
  <Row>
    <Col
      span={24}
    >
      <Field
        component={[Function]}
        data={
          Array [
            Object {
              "label": "C-12345",
              "value": "1628847c-060b-45f2-990f-815877174801",
            },
          ]
        }
        id="permit_guid"
        label="Permit"
        name="permit_guid"
        required={true}
        validate={
          Array [
            [Function],
          ]
        }
      />
    </Col>
  </Row>
  <Row>
    <Col
      md={24}
    >
      <Field
        component={[Function]}
        id="note"
        label="Notes"
        name="note"
      />
    </Col>
  </Row>
  <div
    className="right center-mobile"
  >
    <RenderCancelButton />
    <RenderSubmitButton
      buttonText="Transfer Bond"
    />
  </div>
</Connect(ReduxForm)>
`;
