// Jest Snapshot v1, https://goo.gl/fbAQLP

exports[`AddVarianceForm renders properly 1`] = `
<Connect(ReduxForm)
  isModal={true}
  name="ADD_VARIANCE"
  onSubmit={[Function]}
  reduxFormConfig={
    Object {
      "touchOnBlur": false,
    }
  }
>
  <Field
    component={[Function]}
    data={
      Array [
        Object {
          "article_act_code": "HSRCM",
          "compliance_article_id": "305",
          "description": "Spills",
          "effective_date": "1970-01-01",
          "expiry_date": "9999-12-31",
          "paragraph": "7",
          "section": "2",
          "sub_paragraph": null,
          "sub_section": "3",
        },
        Object {
          "article_act_code": "HSRCM",
          "compliance_article_id": "306",
          "description": "Flammable Waste Storage",
          "effective_date": "1970-01-01",
          "expiry_date": "9999-12-31",
          "paragraph": "8",
          "section": "2",
          "sub_paragraph": null,
          "sub_section": "3",
        },
      ]
    }
    id="compliance_article_id"
    label="Part of Code"
    name="compliance_article_id"
    placeholder="Select a part of the code"
    required={true}
    validate={
      Array [
        [Function],
      ]
    }
  />
  <Field
    component={[Function]}
    id="note"
    label="Description"
    name="note"
    validate={
      Array [
        [Function],
      ]
    }
  />
  <InternalFormItem
    label="Attached Files"
  >
    <ForwardRef>
      Please upload all of the required documents.
    </ForwardRef>
    <Field
      component={[Function]}
      id="uploadedFiles"
      mineGuid="1738472"
      name="uploadedFiles"
      onFileLoad={[Function]}
      onRemoveFile={[Function]}
    />
  </InternalFormItem>
  <div
    className="ant-modal-footer"
  >
    <RenderCancelButton />
    <RenderSubmitButton
      buttonText="Submit"
    />
  </div>
</Connect(ReduxForm)>
`;
