// Jest Snapshot v1, https://goo.gl/fbAQLP

exports[`EditVarianceForm renders properly 1`] = `
<Connect(ReduxForm)
  isModal={true}
  name="EDIT_VARIANCE"
  onSubmit={[Function]}
  reduxFormConfig={
    Object {
      "touchOnBlur": false,
    }
  }
>
  <VarianceDetails
    complianceCodesHash={
      Object {
        "305": "2.3.7 - Spills",
        "306": "2.3.8 - Flammable Waste Storage",
      }
    }
    mineName="mockMineName"
    removeDocument={[MockFunction]}
    variance={
      Object {
        "compliance_article_id": 1,
        "documents": Array [
          Object {
            "created_at": "2019-05-02",
            "document_manager_guid": "d7f64a25-6eaf-4bed-97fe-fd63ac347c70",
            "document_name": "test.pdf",
            "mine_document_guid": "33e6b965-2402-4229-a213-23bbe7fd3e99",
            "mine_guid": "59e73109-48f7-4ad2-977c-3005b5bff010",
          },
        ],
        "expiry_date": "2019-03-30",
        "issue_date": "2019-03-01",
        "note": "notesss",
        "received_date": "2019-03-01",
        "variance_guid": "0d3ec917-179f-4dbc-80a3-4c993fdfe596",
      }
    }
    varianceStatusOptionsHash={
      Object {
        "APP": "Approved",
        "DEN": "Denied",
        "NAP": "Not Applicable",
        "REV": "In Review",
      }
    }
  />
  <InternalFormItem
    label="Attached Files"
  >
    <ForwardRef>
      Please upload all of the required documents.
    </ForwardRef>
    <Field
      component={[Function]}
      id="uploadedFiles"
      mineGuid="1738472"
      name="uploadedFiles"
      onFileLoad={[Function]}
      onRemoveFile={[Function]}
    />
  </InternalFormItem>
  <div
    className="ant-modal-footer"
  >
    <RenderCancelButton />
    <RenderSubmitButton
      buttonText="Submit"
    />
  </div>
</Connect(ReduxForm)>
`;
