// Jest Snapshot v1, https://goo.gl/fbAQLP

exports[`renders correctly 1`] = `
<div>
  <p>
    AI: review complete
  </p>
  <div
    class="ant-row ant-row-center ant-row-middle permit-status-banner permit-status-banner--complete"
    style="height: 30px;"
  >
    <div
      class="ant-col"
    >
      <svg
        aria-hidden="true"
        class="svg-inline--fa fa-circle-info "
        data-icon="circle-info"
        data-prefix="far"
        focusable="false"
        role="img"
        viewBox="0 0 512 512"
        xmlns="http://www.w3.org/2000/svg"
      >
        <path
          d="M256 48a208 208 0 1 1 0 416 208 208 0 1 1 0-416zm0 464A256 256 0 1 0 256 0a256 256 0 1 0 0 512zM216 336c-13.3 0-24 10.7-24 24s10.7 24 24 24h80c13.3 0 24-10.7 24-24s-10.7-24-24-24h-8V248c0-13.3-10.7-24-24-24H216c-13.3 0-24 10.7-24 24s10.7 24 24 24h24v64H216zm40-144a32 32 0 1 0 0-64 32 32 0 1 0 0 64z"
          fill="currentColor"
        />
      </svg>
    </div>
    <div
      class="ant-col"
    >
      Conditions were extracted using AI and have been reviewed and verified.
    </div>
  </div>
  <div
    style="height: 30px;"
  />
  <p>
    AI: requires review
  </p>
  <div
    class="ant-row ant-row-center ant-row-middle permit-status-banner permit-status-banner--incomplete"
    style="height: 30px;"
  >
    <div
      class="ant-col"
    >
      <svg
        aria-hidden="true"
        class="svg-inline--fa fa-triangle-exclamation "
        data-icon="triangle-exclamation"
        data-prefix="far"
        focusable="false"
        role="img"
        viewBox="0 0 512 512"
        xmlns="http://www.w3.org/2000/svg"
      >
        <path
          d="M248.4 84.3c1.6-2.7 4.5-4.3 7.6-4.3s6 1.6 7.6 4.3L461.9 410c1.4 2.3 2.1 4.9 2.1 7.5c0 8-6.5 14.5-14.5 14.5H62.5c-8 0-14.5-6.5-14.5-14.5c0-2.7 .7-5.3 2.1-7.5L248.4 84.3zm-41-25L9.1 385c-6 9.8-9.1 21-9.1 32.5C0 452 28 480 62.5 480h387c34.5 0 62.5-28 62.5-62.5c0-11.5-3.2-22.7-9.1-32.5L304.6 59.3C294.3 42.4 275.9 32 256 32s-38.3 10.4-48.6 27.3zM288 368a32 32 0 1 0 -64 0 32 32 0 1 0 64 0zm-8-184c0-13.3-10.7-24-24-24s-24 10.7-24 24v96c0 13.3 10.7 24 24 24s24-10.7 24-24V184z"
          fill="currentColor"
        />
      </svg>
    </div>
    <div
      class="ant-col"
    >
      Conditions and their report requirements have been extracted using AI and require review and verification.
    </div>
  </div>
  <div
    style="height: 30px;"
  />
  <p>
    Drafted in core, cannot be modified
  </p>
  <div
    class="ant-row ant-row-center ant-row-middle permit-status-banner permit-status-banner--complete"
    style="height: 30px;"
  >
    <div
      class="ant-col"
    >
      <svg
        aria-hidden="true"
        class="svg-inline--fa fa-circle-info "
        data-icon="circle-info"
        data-prefix="far"
        focusable="false"
        role="img"
        viewBox="0 0 512 512"
        xmlns="http://www.w3.org/2000/svg"
      >
        <path
          d="M256 48a208 208 0 1 1 0 416 208 208 0 1 1 0-416zm0 464A256 256 0 1 0 256 0a256 256 0 1 0 0 512zM216 336c-13.3 0-24 10.7-24 24s10.7 24 24 24h80c13.3 0 24-10.7 24-24s-10.7-24-24-24h-8V248c0-13.3-10.7-24-24-24H216c-13.3 0-24 10.7-24 24s10.7 24 24 24h24v64H216zm40-144a32 32 0 1 0 0-64 32 32 0 1 0 0 64z"
          fill="currentColor"
        />
      </svg>
    </div>
    <div
      class="ant-col"
    >
      This permit was drafted and issued in Core; conditions cannot be modified.
    </div>
  </div>
  <div
    style="height: 30px;"
  />
</div>
`;
