// Jest Snapshot v1, https://goo.gl/fbAQLP

exports[`AddPartyRelationshipForm renders properly 1`] = `
<Connect(ReduxForm)
  isModal={true}
  name="ADD_PARTY_RELATIONSHIP"
  onSubmit={[Function]}
  reduxFormConfig={
    Object {
      "touchOnBlur": false,
      "validate": [Function],
    }
  }
>
  <Row
    gutter={16}
  >
    <Col
      md={24}
      xs={24}
    >
      <PartySelectField
        allowAddingParties={true}
        id="party_guid"
        name="party_guid"
        onSelect={[Function]}
        required={true}
        validate={
          Array [
            [Function],
          ]
        }
      />
    </Col>
  </Row>
  <Row
    gutter={16}
  >
    <Col
      md={12}
      xs={24}
    >
      <Field
        component={[Function]}
        id="start_date"
        label="Start Date"
        name="start_date"
        placeholder="yyyy-mm-dd"
        required={true}
        validate={
          Array [
            [Function],
          ]
        }
      />
    </Col>
    <Col
      md={12}
      xs={24}
    >
      <Field
        component={[Function]}
        id="end_date"
        label="End Date"
        name="end_date"
        placeholder="yyyy-mm-dd"
      />
    </Col>
  </Row>
  <Row
    gutter={16}
  >
    <Col
      md={12}
      xs={24}
    />
  </Row>
  <Row
    gutter={16}
  >
    <Col
      span={24}
    >
      <div />
      <div>
        <h4>
          Mine Manager Appointment Letter
        </h4>
        <Field
          component={[Function]}
          id="PartyRelationshipFileUpload"
          name="PartyRelationshipFileUpload"
        />
      </div>
    </Col>
  </Row>
  <div
    className="right center-mobile"
  >
    <RenderCancelButton />
    <RenderSubmitButton />
  </div>
</Connect(ReduxForm)>
`;
