// Jest Snapshot v1, https://goo.gl/fbAQLP

exports[`AddTailingsForm renders properly 1`] = `
<Connect(ReduxForm)
  name="ADD_TAILINGS"
  onSubmit={[MockFunction]}
  reduxFormConfig={
    Object {
      "enableReinitialize": true,
      "onSubmitSuccess": [Function],
      "touchOnBlur": false,
    }
  }
>
  <Row
    gutter={16}
  >
    <Col
      span={24}
    >
      <Field
        component={[Function]}
        id="mine_tailings_storage_facility_name"
        label="Tailings Storage Facility Name"
        name="mine_tailings_storage_facility_name"
        required={true}
        validate={
          Array [
            [Function],
          ]
        }
      />
    </Col>
  </Row>
  <Row
    gutter={16}
  >
    <Col
      span={24}
    >
      <Field
        component={[Function]}
        id="notes"
        label="Notes"
        name="notes"
        validate={
          Array [
            [Function],
          ]
        }
      />
    </Col>
  </Row>
  <Row
    gutter={16}
  >
    <Col
      md={12}
      xs={24}
    >
      <Field
        component={[Function]}
        id="latitude"
        label="Latitude"
        name="latitude"
        validate={
          Array [
            [Function],
            [Function],
            [Function],
          ]
        }
      />
    </Col>
    <Col
      md={12}
      xs={24}
    >
      <Field
        component={[Function]}
        id="longitude"
        label="Longitude"
        name="longitude"
        validate={
          Array [
            [Function],
            [Function],
            [Function],
          ]
        }
      />
    </Col>
  </Row>
  <Row
    gutter={16}
  >
    <Col
      md={12}
      xs={24}
    >
      <Field
        component={[Function]}
        data={Array []}
        id="consequence_classification_status_code"
        label="Consequence Classification"
        name="consequence_classification_status_code"
      />
    </Col>
    <Col
      md={12}
      xs={24}
    >
      <Field
        component={[Function]}
        data={Array []}
        id="tsf_operating_status_code"
        label="Operating Status"
        name="tsf_operating_status_code"
      />
    </Col>
  </Row>
  <Row
    gutter={16}
  >
    <Col
      md={12}
      xs={24}
    >
      <PartySelectField
        allowAddingParties={true}
        allowNull={true}
        id="eor_party_guid"
        label="Engineer of Record"
        name="eor_party_guid"
        partyLabel="EoR"
      />
    </Col>
    <Col
      md={12}
      xs={24}
    >
      <Field
        component={[Function]}
        data={Array []}
        id="itrb_exemption_status_code"
        label="Has Independent Tailings Review Board?"
        name="itrb_exemption_status_code"
      />
    </Col>
  </Row>
  <div
    className="right center-mobile"
  >
    <RenderCancelButton />
    <RenderSubmitButton
      buttonText="mockTitle"
    />
  </div>
</Connect(ReduxForm)>
`;
