// Jest Snapshot v1, https://goo.gl/fbAQLP

exports[`EditPartyRelationshipForm renders properly 1`] = `
<Connect(ReduxForm)
  isModal={true}
  name="EDIT_PARTY_RELATIONSHIP"
  onSubmit={[MockFunction]}
  reduxFormConfig={
    Object {
      "touchOnBlur": false,
      "validate": [Function],
    }
  }
>
  <Row
    gutter={16}
  >
    <Col
      md={12}
      xs={24}
    >
      <Field
        component={[Function]}
        id="start_date"
        label="Start Date"
        name="start_date"
        placeholder="yyyy-mm-dd"
      />
    </Col>
    <Col
      md={12}
      xs={24}
    >
      <Field
        component={[Function]}
        id="end_date"
        label="End Date"
        name="end_date"
        placeholder="yyyy-mm-dd"
      />
    </Col>
  </Row>
  <TSFOptions
    mine={Object {}}
  />
  <div
    className="right center-mobile"
  >
    <RenderCancelButton />
    <RenderSubmitButton />
  </div>
</Connect(ReduxForm)>
`;
