// Jest Snapshot v1, https://goo.gl/fbAQLP

exports[`SearchCoordinatesForm renders properly 1`] = `
<Connect(ReduxForm)
  name="SEARCH_COORDINATES"
  onSubmit={[MockFunction]}
  reduxFormConfig={
    Object {
      "onSubmitSuccess": [Function],
      "touchOnBlur": false,
    }
  }
>
  <Field
    component={[Function]}
    id="latitude"
    name="latitude"
    placeholder="Latitude"
    required={true}
    validate={
      Array [
        [Function],
        [Function],
        [Function],
        [Function],
      ]
    }
  />
  <Field
    component={[Function]}
    id="longitude"
    name="longitude"
    placeholder="Longitude"
    required={true}
    validate={
      Array [
        [Function],
        [Function],
        [Function],
        [Function],
      ]
    }
  />
  <div
    className="right center-mobile"
  >
    <Button
      className="full-mobile"
      htmlType="submit"
      type="primary"
    >
      <ForwardRef(SearchOutlined) />
    </Button>
  </div>
</Connect(ReduxForm)>
`;
