// Jest Snapshot v1, https://goo.gl/fbAQLP

exports[`UploadProjectDecisionPackageDocumentForm renders properly 1`] = `
<Connect(ReduxForm)
  name="UPDATE_PROJECT_DECISION_PACKAGE_DOCUMENT"
  onSubmit={[Function]}
  reduxFormConfig={
    Object {
      "enableReinitialize": true,
      "touchOnBlur": false,
    }
  }
>
  <Row
    gutter={16}
  >
    <Col>
      <ForwardRef
        level={4}
      >
        Upload Document
      </ForwardRef>
      <ForwardRef(Text)>
        Click here to upload a document.
      </ForwardRef(Text)>
      <br />
      <br />
    </Col>
  </Row>
  <Row
    gutter={16}
  >
    <Col
      span={24}
    >
      <Field
        component={[Function]}
        id="uploadedFiles"
        name="uploadedFiles"
        onFileLoad={[Function]}
        onRemoveFile={[Function]}
        projectGuid="ed678588-1e92-4cfc-b2aa-29332931d1ca"
      />
    </Col>
  </Row>
  <div
    className="right center-mobile"
  >
    <RenderCancelButton />
    <RenderSubmitButton
      buttonProps={
        Object {
          "disabled": true,
        }
      }
      buttonText="Update"
    />
  </div>
</Connect(ReduxForm)>
`;
