// Jest Snapshot v1, https://goo.gl/fbAQLP

exports[`MineComplianceInfo renders properly 1`] = `
<div
  className="tab__content"
>
  <div>
    <h2>
      Inspections and Audits
    </h2>
    <Divider />
  </div>
  <div>
    <div>
      <h4>
        COMPLIANCE OVERVIEW
      </h4>
      <Divider />
      <div
        className="compliance--container"
      >
        <LoadingWrapper
          condition={false}
        >
          <div>
            <NullScreen
              message=""
              type="compliance"
            />
          </div>
        </LoadingWrapper>
      </div>
      <div>
        <br />
        <h4>
          INSPECTION ORDERS
        </h4>
        <Divider />
        <div
          className="compliance-filter--content"
        >
          <h4>
            Filter By
          </h4>
          <MineComplianceFilterForm
            initialValues={
              Object {
                "due_date": "",
                "inspector": "",
                "order_no": "",
                "order_status": "",
                "report_no": "",
                "violation": Array [],
              }
            }
            onSubmit={[Function]}
          />
        </div>
        <ComplianceOrdersTable
          filteredOrders={Array []}
          isLoaded={false}
        />
      </div>
    </div>
  </div>
</div>
`;
